Turbo Assembler	 Version 3.1	    10/11/23 17:17:12	    Page 1
floats.ASM



      1	0000			     .model small
      2	0000			     .data
      3
      4	0000  40A00000		     float1  dd	5.0
      5	0004  40400000		     float2  dd	3.0
      6	0008  ????????		     result  dd	?
      7
      8	000C			     .code
      9	0000			     start:
     10	0000  9B D9 06 0000r		 fld float1	; Load float1 onto the FPU stack
     11	0005  9B D8 06 0004r		 fadd float2	; Add the top of the FPU stack (which contains float1) to float2
     12	000A  9B D9 1E 0008r		 fstp result	; Pop the top of the FPU stack (which contains the result) into	'result'
     13	000F  CD 20			 int 20h	; Exit
     14				     end start
Turbo Assembler	 Version 3.1	    10/11/23 17:17:12	    Page 2
Symbol Table




Symbol Name			  Type	 Value

??DATE				  Text	 "10/11/23"
??FILENAME			  Text	 "floats  "
??TIME				  Text	 "17:17:12"
??VERSION			  Number 030A
@32BIT				  Text	 0
@CODE				  Text	 _TEXT
@CODESIZE			  Text	 0
@CPU				  Text	 0101H
@CURSEG				  Text	 _TEXT
@DATA				  Text	 DGROUP
@DATASIZE			  Text	 0
@FILENAME			  Text	 FLOATS
@INTERFACE			  Text	 00H
@MODEL				  Text	 2
@STACK				  Text	 DGROUP
@WORDSIZE			  Text	 2
FLOAT1				  Dword	 DGROUP:0000
FLOAT2				  Dword	 DGROUP:0004
RESULT				  Dword	 DGROUP:0008
START				  Near	 _TEXT:0000

Groups & Segments		  Bit Size Align  Combine Class

DGROUP				  Group
  _DATA				  16  000C Word	  Public  DATA
_TEXT				  16  0011 Word	  Public  CODE
